> Task :compileJava UP-TO-DATE
> Task :processResources UP-TO-DATE
> Task :classes UP-TO-DATE

> Task :compileTestJava FAILED
/Users/eunicegwee/Documents/University/Y2S2/CS2103T/ip/src/test/java/kira/KiraHandleCommandTest.java:3: error: package org.junit.jupiter.api does not exist
import static org.junit.jupiter.api.Assertions.*;
                                   ^
/Users/eunicegwee/Documents/University/Y2S2/CS2103T/ip/src/test/java/kira/KiraHandleCommandTest.java:7: error: package org.junit.jupiter.api does not exist
import org.junit.jupiter.api.Test;
                            ^
/Users/eunicegwee/Documents/University/Y2S2/CS2103T/ip/src/test/java/kira/ParserTest.java:3: error: package org.junit.jupiter.api does not exist
import static org.junit.jupiter.api.Assertions.assertEquals;
                                   ^
/Users/eunicegwee/Documents/University/Y2S2/CS2103T/ip/src/test/java/kira/ParserTest.java:3: error: static import only from classes and interfaces
import static org.junit.jupiter.api.Assertions.assertEquals;
^
/Users/eunicegwee/Documents/University/Y2S2/CS2103T/ip/src/test/java/kira/ParserTest.java:4: error: package org.junit.jupiter.api does not exist
import static org.junit.jupiter.api.Assertions.assertTrue;
                                   ^
/Users/eunicegwee/Documents/University/Y2S2/CS2103T/ip/src/test/java/kira/ParserTest.java:4: error: static import only from classes and interfaces
import static org.junit.jupiter.api.Assertions.assertTrue;
^
/Users/eunicegwee/Documents/University/Y2S2/CS2103T/ip/src/test/java/kira/ParserTest.java:5: error: package org.junit.jupiter.api does not exist
import static org.junit.jupiter.api.Assertions.assertThrows;
                                   ^
/Users/eunicegwee/Documents/University/Y2S2/CS2103T/ip/src/test/java/kira/ParserTest.java:5: error: static import only from classes and interfaces
import static org.junit.jupiter.api.Assertions.assertThrows;
^
/Users/eunicegwee/Documents/University/Y2S2/CS2103T/ip/src/test/java/kira/ParserTest.java:7: error: package org.junit.jupiter.api does not exist
import org.junit.jupiter.api.Test;
                            ^
/Users/eunicegwee/Documents/University/Y2S2/CS2103T/ip/src/test/java/kira/task/ToDoTest.java:3: error: package org.junit.jupiter.api does not exist
import org.junit.jupiter.api.Test;
                            ^
/Users/eunicegwee/Documents/University/Y2S2/CS2103T/ip/src/test/java/kira/task/ToDoTest.java:4: error: package org.junit.jupiter.api does not exist
import static org.junit.jupiter.api.Assertions.assertEquals;
                                   ^
/Users/eunicegwee/Documents/University/Y2S2/CS2103T/ip/src/test/java/kira/task/ToDoTest.java:4: error: static import only from classes and interfaces
import static org.junit.jupiter.api.Assertions.assertEquals;
^
/Users/eunicegwee/Documents/University/Y2S2/CS2103T/ip/src/test/java/kira/task/EventTest.java:3: error: package org.junit.jupiter.api does not exist
import org.junit.jupiter.api.Test;
                            ^
/Users/eunicegwee/Documents/University/Y2S2/CS2103T/ip/src/test/java/kira/task/EventTest.java:4: error: package org.junit.jupiter.api does not exist
import static org.junit.jupiter.api.Assertions.assertEquals;
                                   ^
/Users/eunicegwee/Documents/University/Y2S2/CS2103T/ip/src/test/java/kira/task/EventTest.java:4: error: static import only from classes and interfaces
import static org.junit.jupiter.api.Assertions.assertEquals;
^
/Users/eunicegwee/Documents/University/Y2S2/CS2103T/ip/src/test/java/kira/task/DeadlineTest.java:3: error: package org.junit.jupiter.api does not exist
import org.junit.jupiter.api.Test;
                            ^
/Users/eunicegwee/Documents/University/Y2S2/CS2103T/ip/src/test/java/kira/task/DeadlineTest.java:5: error: package org.junit.jupiter.api does not exist
import static org.junit.jupiter.api.Assertions.assertEquals;
                                   ^
/Users/eunicegwee/Documents/University/Y2S2/CS2103T/ip/src/test/java/kira/task/DeadlineTest.java:5: error: static import only from classes and interfaces
import static org.junit.jupiter.api.Assertions.assertEquals;
^
/Users/eunicegwee/Documents/University/Y2S2/CS2103T/ip/src/test/java/kira/task/DeadlineTest.java:6: error: package org.junit.jupiter.api does not exist
import static org.junit.jupiter.api.Assertions.assertThrows;
                                   ^
/Users/eunicegwee/Documents/University/Y2S2/CS2103T/ip/src/test/java/kira/task/DeadlineTest.java:6: error: static import only from classes and interfaces
import static org.junit.jupiter.api.Assertions.assertThrows;
^
/Users/eunicegwee/Documents/University/Y2S2/CS2103T/ip/src/test/java/kira/task/TaskListTest.java:3: error: package org.junit.jupiter.api does not exist
import org.junit.jupiter.api.Test;
                            ^
/Users/eunicegwee/Documents/University/Y2S2/CS2103T/ip/src/test/java/kira/task/TaskListTest.java:4: error: package org.junit.jupiter.api does not exist
import static org.junit.jupiter.api.Assertions.assertEquals;
                                   ^
/Users/eunicegwee/Documents/University/Y2S2/CS2103T/ip/src/test/java/kira/task/TaskListTest.java:4: error: static import only from classes and interfaces
import static org.junit.jupiter.api.Assertions.assertEquals;
^
/Users/eunicegwee/Documents/University/Y2S2/CS2103T/ip/src/test/java/kira/task/TaskListTest.java:5: error: package org.junit.jupiter.api does not exist
import static org.junit.jupiter.api.Assertions.assertSame;
                                   ^
/Users/eunicegwee/Documents/University/Y2S2/CS2103T/ip/src/test/java/kira/task/TaskListTest.java:5: error: static import only from classes and interfaces
import static org.junit.jupiter.api.Assertions.assertSame;
^
/Users/eunicegwee/Documents/University/Y2S2/CS2103T/ip/src/test/java/kira/command/FindCommandTest.java:6: error: package org.junit.jupiter.api does not exist
import org.junit.jupiter.api.Test;
                            ^
/Users/eunicegwee/Documents/University/Y2S2/CS2103T/ip/src/test/java/kira/command/FindCommandTest.java:11: error: package org.junit.jupiter.api does not exist
import static org.junit.jupiter.api.Assertions.assertEquals;
                                   ^
/Users/eunicegwee/Documents/University/Y2S2/CS2103T/ip/src/test/java/kira/command/FindCommandTest.java:11: error: static import only from classes and interfaces
import static org.junit.jupiter.api.Assertions.assertEquals;
^
/Users/eunicegwee/Documents/University/Y2S2/CS2103T/ip/src/test/java/kira/command/FindCommandTest.java:12: error: package org.junit.jupiter.api does not exist
import static org.junit.jupiter.api.Assertions.assertFalse;
                                   ^
/Users/eunicegwee/Documents/University/Y2S2/CS2103T/ip/src/test/java/kira/command/FindCommandTest.java:12: error: static import only from classes and interfaces
import static org.junit.jupiter.api.Assertions.assertFalse;
^
/Users/eunicegwee/Documents/University/Y2S2/CS2103T/ip/src/test/java/kira/command/FindCommandTest.java:13: error: package org.junit.jupiter.api does not exist
import static org.junit.jupiter.api.Assertions.assertTrue;
                                   ^
/Users/eunicegwee/Documents/University/Y2S2/CS2103T/ip/src/test/java/kira/command/FindCommandTest.java:13: error: static import only from classes and interfaces
import static org.junit.jupiter.api.Assertions.assertTrue;
^
/Users/eunicegwee/Documents/University/Y2S2/CS2103T/ip/src/test/java/kira/KiraHandleCommandTest.java:11: error: cannot find symbol
    @Test
     ^
  symbol:   class Test
  location: class KiraHandleCommandTest
/Users/eunicegwee/Documents/University/Y2S2/CS2103T/ip/src/test/java/kira/KiraHandleCommandTest.java:31: error: cannot find symbol
    @Test
     ^
  symbol:   class Test
  location: class KiraHandleCommandTest
/Users/eunicegwee/Documents/University/Y2S2/CS2103T/ip/src/test/java/kira/ParserTest.java:17: error: cannot find symbol
    @Test
     ^
  symbol:   class Test
  location: class ParserTest
/Users/eunicegwee/Documents/University/Y2S2/CS2103T/ip/src/test/java/kira/ParserTest.java:22: error: cannot find symbol
    @Test
     ^
  symbol:   class Test
  location: class ParserTest
/Users/eunicegwee/Documents/University/Y2S2/CS2103T/ip/src/test/java/kira/ParserTest.java:27: error: cannot find symbol
    @Test
     ^
  symbol:   class Test
  location: class ParserTest
/Users/eunicegwee/Documents/University/Y2S2/CS2103T/ip/src/test/java/kira/ParserTest.java:35: error: cannot find symbol
    @Test
     ^
  symbol:   class Test
  location: class ParserTest
/Users/eunicegwee/Documents/University/Y2S2/CS2103T/ip/src/test/java/kira/ParserTest.java:43: error: cannot find symbol
    @Test
     ^
  symbol:   class Test
  location: class ParserTest
/Users/eunicegwee/Documents/University/Y2S2/CS2103T/ip/src/test/java/kira/ParserTest.java:50: error: cannot find symbol
    @Test
     ^
  symbol:   class Test
  location: class ParserTest
/Users/eunicegwee/Documents/University/Y2S2/CS2103T/ip/src/test/java/kira/ParserTest.java:58: error: cannot find symbol
    @Test
     ^
  symbol:   class Test
  location: class ParserTest
/Users/eunicegwee/Documents/University/Y2S2/CS2103T/ip/src/test/java/kira/ParserTest.java:66: error: cannot find symbol
    @Test
     ^
  symbol:   class Test
  location: class ParserTest
/Users/eunicegwee/Documents/University/Y2S2/CS2103T/ip/src/test/java/kira/ParserTest.java:72: error: cannot find symbol
    @Test
     ^
  symbol:   class Test
  location: class ParserTest
/Users/eunicegwee/Documents/University/Y2S2/CS2103T/ip/src/test/java/kira/ParserTest.java:80: error: cannot find symbol
    @Test
     ^
  symbol:   class Test
  location: class ParserTest
/Users/eunicegwee/Documents/University/Y2S2/CS2103T/ip/src/test/java/kira/ParserTest.java:85: error: cannot find symbol
    @Test
     ^
  symbol:   class Test
  location: class ParserTest
/Users/eunicegwee/Documents/University/Y2S2/CS2103T/ip/src/test/java/kira/task/ToDoTest.java:8: error: cannot find symbol
    @Test
     ^
  symbol:   class Test
  location: class ToDoTest
/Users/eunicegwee/Documents/University/Y2S2/CS2103T/ip/src/test/java/kira/task/ToDoTest.java:14: error: cannot find symbol
    @Test
     ^
  symbol:   class Test
  location: class ToDoTest
/Users/eunicegwee/Documents/University/Y2S2/CS2103T/ip/src/test/java/kira/task/EventTest.java:8: error: cannot find symbol
    @Test
     ^
  symbol:   class Test
  location: class EventTest
/Users/eunicegwee/Documents/University/Y2S2/CS2103T/ip/src/test/java/kira/task/EventTest.java:14: error: cannot find symbol
    @Test
     ^
  symbol:   class Test
  location: class EventTest
/Users/eunicegwee/Documents/University/Y2S2/CS2103T/ip/src/test/java/kira/task/DeadlineTest.java:10: error: cannot find symbol
    @Test
     ^
  symbol:   class Test
  location: class DeadlineTest
/Users/eunicegwee/Documents/University/Y2S2/CS2103T/ip/src/test/java/kira/task/DeadlineTest.java:16: error: cannot find symbol
    @Test
     ^
  symbol:   class Test
  location: class DeadlineTest
/Users/eunicegwee/Documents/University/Y2S2/CS2103T/ip/src/test/java/kira/task/DeadlineTest.java:22: error: cannot find symbol
    @Test
     ^
  symbol:   class Test
  location: class DeadlineTest
/Users/eunicegwee/Documents/University/Y2S2/CS2103T/ip/src/test/java/kira/task/TaskListTest.java:9: error: cannot find symbol
    @Test
     ^
  symbol:   class Test
  location: class TaskListTest
/Users/eunicegwee/Documents/University/Y2S2/CS2103T/ip/src/test/java/kira/task/TaskListTest.java:16: error: cannot find symbol
    @Test
     ^
  symbol:   class Test
  location: class TaskListTest
/Users/eunicegwee/Documents/University/Y2S2/CS2103T/ip/src/test/java/kira/task/TaskListTest.java:29: error: cannot find symbol
    @Test
     ^
  symbol:   class Test
  location: class TaskListTest
/Users/eunicegwee/Documents/University/Y2S2/CS2103T/ip/src/test/java/kira/command/FindCommandTest.java:35: error: cannot find symbol
    @Test
     ^
  symbol:   class Test
  location: class FindCommandTest
/Users/eunicegwee/Documents/University/Y2S2/CS2103T/ip/src/test/java/kira/command/FindCommandTest.java:55: error: cannot find symbol
    @Test
     ^
  symbol:   class Test
  location: class FindCommandTest
/Users/eunicegwee/Documents/University/Y2S2/CS2103T/ip/src/test/java/kira/KiraHandleCommandTest.java:19: error: cannot find symbol
        assertFalse(msgs1.isEmpty(), "Expected messages after adding a todo");
        ^
  symbol:   method assertFalse(boolean,String)
  location: class KiraHandleCommandTest
/Users/eunicegwee/Documents/University/Y2S2/CS2103T/ip/src/test/java/kira/KiraHandleCommandTest.java:21: error: cannot find symbol
        assertTrue(containsAdd, "Add command should report task added");
        ^
  symbol:   method assertTrue(boolean,String)
  location: class KiraHandleCommandTest
/Users/eunicegwee/Documents/University/Y2S2/CS2103T/ip/src/test/java/kira/KiraHandleCommandTest.java:26: error: cannot find symbol
        assertFalse(msgs2.isEmpty(), "Expected list output");
        ^
  symbol:   method assertFalse(boolean,String)
  location: class KiraHandleCommandTest
/Users/eunicegwee/Documents/University/Y2S2/CS2103T/ip/src/test/java/kira/KiraHandleCommandTest.java:28: error: cannot find symbol
        assertTrue(containsTask, "List should contain the added todo");
        ^
  symbol:   method assertTrue(boolean,String)
  location: class KiraHandleCommandTest
/Users/eunicegwee/Documents/University/Y2S2/CS2103T/ip/src/test/java/kira/KiraHandleCommandTest.java:37: error: cannot find symbol
        assertTrue(res.isExit(), "bye command should set exit flag");
        ^
  symbol:   method assertTrue(boolean,String)
  location: class KiraHandleCommandTest
/Users/eunicegwee/Documents/University/Y2S2/CS2103T/ip/src/test/java/kira/KiraHandleCommandTest.java:38: error: cannot find symbol
        assertFalse(res.getMessages().isEmpty(), "Expected exit message");
        ^
  symbol:   method assertFalse(boolean,String)
  location: class KiraHandleCommandTest
/Users/eunicegwee/Documents/University/Y2S2/CS2103T/ip/src/test/java/kira/ParserTest.java:19: error: cannot find symbol
        assertTrue(Parser.parse("bye") instanceof ExitCommand);
        ^
  symbol:   method assertTrue(boolean)
  location: class ParserTest
/Users/eunicegwee/Documents/University/Y2S2/CS2103T/ip/src/test/java/kira/ParserTest.java:24: error: cannot find symbol
        assertTrue(Parser.parse("todo read book") instanceof AddCommand);
        ^
  symbol:   method assertTrue(boolean)
  location: class ParserTest
/Users/eunicegwee/Documents/University/Y2S2/CS2103T/ip/src/test/java/kira/ParserTest.java:29: error: cannot find symbol
        Exception exception = assertThrows(KiraException.class, () -> {
                              ^
  symbol:   method assertThrows(Class<KiraException>,()->{ Pars[...]"); })
  location: class ParserTest
/Users/eunicegwee/Documents/University/Y2S2/CS2103T/ip/src/test/java/kira/ParserTest.java:32: error: cannot find symbol
        assertEquals("OOPS! I'm sorry, but I don't know what that means :-(", exception.getMessage());
        ^
  symbol:   method assertEquals(String,String)
  location: class ParserTest
/Users/eunicegwee/Documents/University/Y2S2/CS2103T/ip/src/test/java/kira/ParserTest.java:37: error: cannot find symbol
        Exception exception = assertThrows(KiraException.class, () -> {
                              ^
  symbol:   method assertThrows(Class<KiraException>,()->{ Pars[...]"); })
  location: class ParserTest
/Users/eunicegwee/Documents/University/Y2S2/CS2103T/ip/src/test/java/kira/ParserTest.java:40: error: cannot find symbol
        assertEquals("OOPS! The description of a todo cannot be empty.", exception.getMessage());
        ^
  symbol:   method assertEquals(String,String)
  location: class ParserTest
/Users/eunicegwee/Documents/University/Y2S2/CS2103T/ip/src/test/java/kira/ParserTest.java:47: error: cannot find symbol
        assertTrue(c instanceof AddCommand);
        ^
  symbol:   method assertTrue(boolean)
  location: class ParserTest
/Users/eunicegwee/Documents/University/Y2S2/CS2103T/ip/src/test/java/kira/ParserTest.java:52: error: cannot find symbol
        Exception e = assertThrows(KiraException.class, () -> {
                      ^
  symbol:   method assertThrows(Class<KiraException>,()->{ Pars[...]"); })
  location: class ParserTest
/Users/eunicegwee/Documents/University/Y2S2/CS2103T/ip/src/test/java/kira/ParserTest.java:55: error: cannot find symbol
        assertEquals("OOPS! Please add a deadline time (use /by).", e.getMessage());
        ^
  symbol:   method assertEquals(String,String)
  location: class ParserTest
/Users/eunicegwee/Documents/University/Y2S2/CS2103T/ip/src/test/java/kira/ParserTest.java:60: error: cannot find symbol
        Exception e = assertThrows(KiraException.class, () -> {
                      ^
  symbol:   method assertThrows(Class<KiraException>,()->{ Pars[...]"); })
  location: class ParserTest
/Users/eunicegwee/Documents/University/Y2S2/CS2103T/ip/src/test/java/kira/ParserTest.java:63: error: cannot find symbol
        assertEquals("OOPS! Please add an end time (use /to).", e.getMessage());
        ^
  symbol:   method assertEquals(String,String)
  location: class ParserTest
/Users/eunicegwee/Documents/University/Y2S2/CS2103T/ip/src/test/java/kira/ParserTest.java:69: error: cannot find symbol
        assertTrue(c instanceof DeleteCommand);
        ^
  symbol:   method assertTrue(boolean)
  location: class ParserTest
/Users/eunicegwee/Documents/University/Y2S2/CS2103T/ip/src/test/java/kira/ParserTest.java:74: error: cannot find symbol
        Exception e = assertThrows(KiraException.class, () -> {
                      ^
  symbol:   method assertThrows(Class<KiraException>,()->{ Pars[...]"); })
  location: class ParserTest
/Users/eunicegwee/Documents/University/Y2S2/CS2103T/ip/src/test/java/kira/ParserTest.java:77: error: cannot find symbol
        assertEquals("OOPS! That is not a valid number.", e.getMessage());
        ^
  symbol:   method assertEquals(String,String)
  location: class ParserTest
/Users/eunicegwee/Documents/University/Y2S2/CS2103T/ip/src/test/java/kira/ParserTest.java:82: error: cannot find symbol
        assertTrue(Parser.parse("find book") instanceof FindCommand);
        ^
  symbol:   method assertTrue(boolean)
  location: class ParserTest
/Users/eunicegwee/Documents/University/Y2S2/CS2103T/ip/src/test/java/kira/ParserTest.java:87: error: cannot find symbol
        Exception e = assertThrows(KiraException.class, () -> {
                      ^
  symbol:   method assertThrows(Class<KiraException>,()->{ Pars[...]"); })
  location: class ParserTest
/Users/eunicegwee/Documents/University/Y2S2/CS2103T/ip/src/test/java/kira/ParserTest.java:90: error: cannot find symbol
        assertEquals("OOPS! Please specify a search keyword.", e.getMessage());
        ^
  symbol:   method assertEquals(String,String)
  location: class ParserTest
/Users/eunicegwee/Documents/University/Y2S2/CS2103T/ip/src/test/java/kira/task/ToDoTest.java:11: error: cannot find symbol
        assertEquals("[T][ ] read book", todo.toString());
        ^
  symbol:   method assertEquals(String,String)
  location: class ToDoTest
/Users/eunicegwee/Documents/University/Y2S2/CS2103T/ip/src/test/java/kira/task/ToDoTest.java:17: error: cannot find symbol
        assertEquals("T | 0 | read book", todo.toFileFormat());
        ^
  symbol:   method assertEquals(String,String)
  location: class ToDoTest
/Users/eunicegwee/Documents/University/Y2S2/CS2103T/ip/src/test/java/kira/task/EventTest.java:11: error: cannot find symbol
        assertEquals("[E][ ] project meeting (from: Feb 15 2025 14:00 to: Feb 15 2025 16:00)", event.toString());
        ^
  symbol:   method assertEquals(String,String)
  location: class EventTest
/Users/eunicegwee/Documents/University/Y2S2/CS2103T/ip/src/test/java/kira/task/EventTest.java:17: error: cannot find symbol
        assertEquals("E | 0 | project meeting | 2025-02-15 14:00 | 2025-02-15 16:00", event.toFileFormat());
        ^
  symbol:   method assertEquals(String,String)
  location: class EventTest
/Users/eunicegwee/Documents/University/Y2S2/CS2103T/ip/src/test/java/kira/task/DeadlineTest.java:13: error: cannot find symbol
        assertEquals("[D][ ] return book (by: Jan 30 2025 18:00)", deadline.toString());
        ^
  symbol:   method assertEquals(String,String)
  location: class DeadlineTest
/Users/eunicegwee/Documents/University/Y2S2/CS2103T/ip/src/test/java/kira/task/DeadlineTest.java:19: error: cannot find symbol
        assertEquals("D | 0 | return book | 2025-01-30 18:00", deadline.toFileFormat());
        ^
  symbol:   method assertEquals(String,String)
  location: class DeadlineTest
/Users/eunicegwee/Documents/University/Y2S2/CS2103T/ip/src/test/java/kira/task/DeadlineTest.java:24: error: cannot find symbol
        assertThrows(DateTimeParseException.class, () -> {
        ^
  symbol:   method assertThrows(Class<DateTimeParseException>,()->{ new [...]"); })
  location: class DeadlineTest
/Users/eunicegwee/Documents/University/Y2S2/CS2103T/ip/src/test/java/kira/task/TaskListTest.java:13: error: cannot find symbol
        assertEquals(1, tasks.size());
        ^
  symbol:   method assertEquals(int,int)
  location: class TaskListTest
/Users/eunicegwee/Documents/University/Y2S2/CS2103T/ip/src/test/java/kira/task/TaskListTest.java:24: error: cannot find symbol
        assertEquals(1, tasks.size());
        ^
  symbol:   method assertEquals(int,int)
  location: class TaskListTest
/Users/eunicegwee/Documents/University/Y2S2/CS2103T/ip/src/test/java/kira/task/TaskListTest.java:25: error: cannot find symbol
        assertEquals("[T][ ] task 1", deleted.toString());
        ^
  symbol:   method assertEquals(String,String)
  location: class TaskListTest
/Users/eunicegwee/Documents/University/Y2S2/CS2103T/ip/src/test/java/kira/task/TaskListTest.java:26: error: cannot find symbol
        assertEquals("[T][ ] task 2", tasks.get(0).toString()); // Remaining task shifts up
        ^
  symbol:   method assertEquals(String,String)
  location: class TaskListTest
/Users/eunicegwee/Documents/University/Y2S2/CS2103T/ip/src/test/java/kira/task/TaskListTest.java:34: error: cannot find symbol
        assertSame(t1, tasks.get(0));
        ^
  symbol:   method assertSame(Task,Task)
  location: class TaskListTest
/Users/eunicegwee/Documents/University/Y2S2/CS2103T/ip/src/test/java/kira/command/FindCommandTest.java:46: error: cannot find symbol
        assertFalse(ui.getMessages().isEmpty());
        ^
  symbol:   method assertFalse(boolean)
  location: class FindCommandTest
/Users/eunicegwee/Documents/University/Y2S2/CS2103T/ip/src/test/java/kira/command/FindCommandTest.java:47: error: cannot find symbol
        assertEquals("Here are the matching tasks in your list:", ui.getMessages().get(0));
        ^
  symbol:   method assertEquals(String,String)
  location: class FindCommandTest
/Users/eunicegwee/Documents/University/Y2S2/CS2103T/ip/src/test/java/kira/command/FindCommandTest.java:51: error: cannot find symbol
        assertTrue(hasReadBook);
        ^
  symbol:   method assertTrue(boolean)
  location: class FindCommandTest
/Users/eunicegwee/Documents/University/Y2S2/CS2103T/ip/src/test/java/kira/command/FindCommandTest.java:52: error: cannot find symbol
        assertTrue(hasBookFlight);
        ^
  symbol:   method assertTrue(boolean)
  location: class FindCommandTest
/Users/eunicegwee/Documents/University/Y2S2/CS2103T/ip/src/test/java/kira/command/FindCommandTest.java:64: error: cannot find symbol
        assertTrue(ui.getMessages().stream().anyMatch(m -> m.contains("No matching tasks found")));
        ^
  symbol:   method assertTrue(boolean)
  location: class FindCommandTest
97 errors

FAILURE: Build failed with an exception.

* What went wrong:
Execution failed for task ':compileTestJava'.
> Compilation failed; see the compiler error output for details.

* Try:
> Run with --info or --debug option to get more log output.
> Run with --scan to get full insights.

* Exception is:
org.gradle.api.tasks.TaskExecutionException: Execution failed for task ':compileTestJava'.
	at org.gradle.api.internal.tasks.execution.ExecuteActionsTaskExecuter.lambda$executeIfValid$1(ExecuteActionsTaskExecuter.java:142)
	at org.gradle.internal.Try$Failure.ifSuccessfulOrElse(Try.java:282)
	at org.gradle.api.internal.tasks.execution.ExecuteActionsTaskExecuter.executeIfValid(ExecuteActionsTaskExecuter.java:140)
	at org.gradle.api.internal.tasks.execution.ExecuteActionsTaskExecuter.execute(ExecuteActionsTaskExecuter.java:128)
	at org.gradle.api.internal.tasks.execution.CleanupStaleOutputsExecuter.execute(CleanupStaleOutputsExecuter.java:77)
	at org.gradle.api.internal.tasks.execution.FinalizePropertiesTaskExecuter.execute(FinalizePropertiesTaskExecuter.java:46)
	at org.gradle.api.internal.tasks.execution.ResolveTaskExecutionModeExecuter.execute(ResolveTaskExecutionModeExecuter.java:51)
	at org.gradle.api.internal.tasks.execution.SkipTaskWithNoActionsExecuter.execute(SkipTaskWithNoActionsExecuter.java:57)
	at org.gradle.api.internal.tasks.execution.SkipOnlyIfTaskExecuter.execute(SkipOnlyIfTaskExecuter.java:57)
	at org.gradle.api.internal.tasks.execution.CatchExceptionTaskExecuter.execute(CatchExceptionTaskExecuter.java:36)
	at org.gradle.api.internal.tasks.execution.EventFiringTaskExecuter$1.executeTask(EventFiringTaskExecuter.java:77)
	at org.gradle.api.internal.tasks.execution.EventFiringTaskExecuter$1.call(EventFiringTaskExecuter.java:55)
	at org.gradle.api.internal.tasks.execution.EventFiringTaskExecuter$1.call(EventFiringTaskExecuter.java:52)
	at org.gradle.internal.operations.DefaultBuildOperationRunner$CallableBuildOperationWorker.execute(DefaultBuildOperationRunner.java:204)
	at org.gradle.internal.operations.DefaultBuildOperationRunner$CallableBuildOperationWorker.execute(DefaultBuildOperationRunner.java:199)
	at org.gradle.internal.operations.DefaultBuildOperationRunner$2.execute(DefaultBuildOperationRunner.java:66)
	at org.gradle.internal.operations.DefaultBuildOperationRunner$2.execute(DefaultBuildOperationRunner.java:59)
	at org.gradle.internal.operations.DefaultBuildOperationRunner.execute(DefaultBuildOperationRunner.java:157)
	at org.gradle.internal.operations.DefaultBuildOperationRunner.execute(DefaultBuildOperationRunner.java:59)
	at org.gradle.internal.operations.DefaultBuildOperationRunner.call(DefaultBuildOperationRunner.java:53)
	at org.gradle.internal.operations.DefaultBuildOperationExecutor.call(DefaultBuildOperationExecutor.java:73)
	at org.gradle.api.internal.tasks.execution.EventFiringTaskExecuter.execute(EventFiringTaskExecuter.java:52)
	at org.gradle.execution.plan.LocalTaskNodeExecutor.execute(LocalTaskNodeExecutor.java:69)
	at org.gradle.execution.taskgraph.DefaultTaskExecutionGraph$InvokeNodeExecutorsAction.execute(DefaultTaskExecutionGraph.java:322)
	at org.gradle.execution.taskgraph.DefaultTaskExecutionGraph$InvokeNodeExecutorsAction.execute(DefaultTaskExecutionGraph.java:309)
	at org.gradle.execution.taskgraph.DefaultTaskExecutionGraph$BuildOperationAwareExecutionAction.execute(DefaultTaskExecutionGraph.java:302)
	at org.gradle.execution.taskgraph.DefaultTaskExecutionGraph$BuildOperationAwareExecutionAction.execute(DefaultTaskExecutionGraph.java:288)
	at org.gradle.execution.plan.DefaultPlanExecutor$ExecutorWorker.execute(DefaultPlanExecutor.java:462)
	at org.gradle.execution.plan.DefaultPlanExecutor$ExecutorWorker.run(DefaultPlanExecutor.java:379)
	at org.gradle.internal.concurrent.ExecutorPolicy$CatchAndRecordFailures.onExecute(ExecutorPolicy.java:64)
	at org.gradle.internal.concurrent.ManagedExecutorImpl$1.run(ManagedExecutorImpl.java:49)
Caused by: org.gradle.api.internal.tasks.compile.CompilationFailedException: Compilation failed; see the compiler error output for details.
	at org.gradle.api.internal.tasks.compile.JdkJavaCompiler.execute(JdkJavaCompiler.java:57)
	at org.gradle.api.internal.tasks.compile.JdkJavaCompiler.execute(JdkJavaCompiler.java:39)
	at org.gradle.api.internal.tasks.compile.NormalizingJavaCompiler.delegateAndHandleErrors(NormalizingJavaCompiler.java:98)
	at org.gradle.api.internal.tasks.compile.NormalizingJavaCompiler.execute(NormalizingJavaCompiler.java:52)
	at org.gradle.api.internal.tasks.compile.NormalizingJavaCompiler.execute(NormalizingJavaCompiler.java:38)
	at org.gradle.api.internal.tasks.compile.AnnotationProcessorDiscoveringCompiler.execute(AnnotationProcessorDiscoveringCompiler.java:51)
	at org.gradle.api.internal.tasks.compile.AnnotationProcessorDiscoveringCompiler.execute(AnnotationProcessorDiscoveringCompiler.java:37)
	at org.gradle.api.internal.tasks.compile.ModuleApplicationNameWritingCompiler.execute(ModuleApplicationNameWritingCompiler.java:46)
	at org.gradle.api.internal.tasks.compile.ModuleApplicationNameWritingCompiler.execute(ModuleApplicationNameWritingCompiler.java:36)
	at org.gradle.jvm.toolchain.internal.DefaultToolchainJavaCompiler.execute(DefaultToolchainJavaCompiler.java:57)
	at org.gradle.api.tasks.compile.JavaCompile.lambda$createToolchainCompiler$1(JavaCompile.java:237)
	at org.gradle.api.internal.tasks.compile.CleaningJavaCompiler.execute(CleaningJavaCompiler.java:53)
	at org.gradle.api.internal.tasks.compile.incremental.IncrementalCompilerFactory.lambda$createRebuildAllCompiler$0(IncrementalCompilerFactory.java:52)
	at org.gradle.api.internal.tasks.compile.incremental.SelectiveCompiler.execute(SelectiveCompiler.java:70)
	at org.gradle.api.internal.tasks.compile.incremental.SelectiveCompiler.execute(SelectiveCompiler.java:44)
	at org.gradle.api.internal.tasks.compile.incremental.IncrementalResultStoringCompiler.execute(IncrementalResultStoringCompiler.java:66)
	at org.gradle.api.internal.tasks.compile.incremental.IncrementalResultStoringCompiler.execute(IncrementalResultStoringCompiler.java:52)
	at org.gradle.api.internal.tasks.compile.CompileJavaBuildOperationReportingCompiler$2.call(CompileJavaBuildOperationReportingCompiler.java:59)
	at org.gradle.api.internal.tasks.compile.CompileJavaBuildOperationReportingCompiler$2.call(CompileJavaBuildOperationReportingCompiler.java:51)
	at org.gradle.internal.operations.DefaultBuildOperationRunner$CallableBuildOperationWorker.execute(DefaultBuildOperationRunner.java:204)
	at org.gradle.internal.operations.DefaultBuildOperationRunner$CallableBuildOperationWorker.execute(DefaultBuildOperationRunner.java:199)
	at org.gradle.internal.operations.DefaultBuildOperationRunner$2.execute(DefaultBuildOperationRunner.java:66)
	at org.gradle.internal.operations.DefaultBuildOperationRunner$2.execute(DefaultBuildOperationRunner.java:59)
	at org.gradle.internal.operations.DefaultBuildOperationRunner.execute(DefaultBuildOperationRunner.java:157)
	at org.gradle.internal.operations.DefaultBuildOperationRunner.execute(DefaultBuildOperationRunner.java:59)
	at org.gradle.internal.operations.DefaultBuildOperationRunner.call(DefaultBuildOperationRunner.java:53)
	at org.gradle.internal.operations.DefaultBuildOperationExecutor.call(DefaultBuildOperationExecutor.java:73)
	at org.gradle.api.internal.tasks.compile.CompileJavaBuildOperationReportingCompiler.execute(CompileJavaBuildOperationReportingCompiler.java:51)
	at org.gradle.api.tasks.compile.JavaCompile.performCompilation(JavaCompile.java:288)
	at org.gradle.api.tasks.compile.JavaCompile.performIncrementalCompilation(JavaCompile.java:170)
	at org.gradle.api.tasks.compile.JavaCompile.compile(JavaCompile.java:148)
	at java.base/jdk.internal.reflect.NativeMethodAccessorImpl.invoke0(Native Method)
	at java.base/jdk.internal.reflect.NativeMethodAccessorImpl.invoke(NativeMethodAccessorImpl.java:77)
	at java.base/jdk.internal.reflect.DelegatingMethodAccessorImpl.invoke(DelegatingMethodAccessorImpl.java:43)
	at org.gradle.internal.reflect.JavaMethod.invoke(JavaMethod.java:125)
	at org.gradle.api.internal.project.taskfactory.IncrementalInputsTaskAction.doExecute(IncrementalInputsTaskAction.java:32)
	at org.gradle.api.internal.project.taskfactory.StandardTaskAction.execute(StandardTaskAction.java:51)
	at org.gradle.api.internal.project.taskfactory.AbstractIncrementalTaskAction.execute(AbstractIncrementalTaskAction.java:25)
	at org.gradle.api.internal.project.taskfactory.StandardTaskAction.execute(StandardTaskAction.java:29)
	at org.gradle.api.internal.tasks.execution.TaskExecution$3.run(TaskExecution.java:236)
	at org.gradle.internal.operations.DefaultBuildOperationRunner$1.execute(DefaultBuildOperationRunner.java:29)
	at org.gradle.internal.operations.DefaultBuildOperationRunner$1.execute(DefaultBuildOperationRunner.java:26)
	at org.gradle.internal.operations.DefaultBuildOperationRunner$2.execute(DefaultBuildOperationRunner.java:66)
	at org.gradle.internal.operations.DefaultBuildOperationRunner$2.execute(DefaultBuildOperationRunner.java:59)
	at org.gradle.internal.operations.DefaultBuildOperationRunner.execute(DefaultBuildOperationRunner.java:157)
	at org.gradle.internal.operations.DefaultBuildOperationRunner.execute(DefaultBuildOperationRunner.java:59)
	at org.gradle.internal.operations.DefaultBuildOperationRunner.run(DefaultBuildOperationRunner.java:47)
	at org.gradle.internal.operations.DefaultBuildOperationExecutor.run(DefaultBuildOperationExecutor.java:68)
	at org.gradle.api.internal.tasks.execution.TaskExecution.executeAction(TaskExecution.java:221)
	at org.gradle.api.internal.tasks.execution.TaskExecution.executeActions(TaskExecution.java:204)
	at org.gradle.api.internal.tasks.execution.TaskExecution.executeWithPreviousOutputFiles(TaskExecution.java:187)
	at org.gradle.api.internal.tasks.execution.TaskExecution.execute(TaskExecution.java:165)
	at org.gradle.internal.execution.steps.ExecuteStep.executeInternal(ExecuteStep.java:89)
	at org.gradle.internal.execution.steps.ExecuteStep.access$000(ExecuteStep.java:40)
	at org.gradle.internal.execution.steps.ExecuteStep$1.call(ExecuteStep.java:53)
	at org.gradle.internal.execution.steps.ExecuteStep$1.call(ExecuteStep.java:50)
	at org.gradle.internal.operations.DefaultBuildOperationRunner$CallableBuildOperationWorker.execute(DefaultBuildOperationRunner.java:204)
	at org.gradle.internal.operations.DefaultBuildOperationRunner$CallableBuildOperationWorker.execute(DefaultBuildOperationRunner.java:199)
	at org.gradle.internal.operations.DefaultBuildOperationRunner$2.execute(DefaultBuildOperationRunner.java:66)
	at org.gradle.internal.operations.DefaultBuildOperationRunner$2.execute(DefaultBuildOperationRunner.java:59)
	at org.gradle.internal.operations.DefaultBuildOperationRunner.execute(DefaultBuildOperationRunner.java:157)
	at org.gradle.internal.operations.DefaultBuildOperationRunner.execute(DefaultBuildOperationRunner.java:59)
	at org.gradle.internal.operations.DefaultBuildOperationRunner.call(DefaultBuildOperationRunner.java:53)
	at org.gradle.internal.operations.DefaultBuildOperationExecutor.call(DefaultBuildOperationExecutor.java:73)
	at org.gradle.internal.execution.steps.ExecuteStep.execute(ExecuteStep.java:50)
	at org.gradle.internal.execution.steps.ExecuteStep.execute(ExecuteStep.java:40)
	at org.gradle.internal.execution.steps.RemovePreviousOutputsStep.execute(RemovePreviousOutputsStep.java:68)
	at org.gradle.internal.execution.steps.RemovePreviousOutputsStep.execute(RemovePreviousOutputsStep.java:38)
	at org.gradle.internal.execution.steps.CancelExecutionStep.execute(CancelExecutionStep.java:41)
	at org.gradle.internal.execution.steps.TimeoutStep.executeWithoutTimeout(TimeoutStep.java:74)
	at org.gradle.internal.execution.steps.TimeoutStep.execute(TimeoutStep.java:55)
	at org.gradle.internal.execution.steps.CreateOutputsStep.execute(CreateOutputsStep.java:51)
	at org.gradle.internal.execution.steps.CreateOutputsStep.execute(CreateOutputsStep.java:29)
	at org.gradle.internal.execution.steps.CaptureStateAfterExecutionStep.executeDelegateBroadcastingChanges(CaptureStateAfterExecutionStep.java:124)
	at org.gradle.internal.execution.steps.CaptureStateAfterExecutionStep.execute(CaptureStateAfterExecutionStep.java:80)
	at org.gradle.internal.execution.steps.CaptureStateAfterExecutionStep.execute(CaptureStateAfterExecutionStep.java:58)
	at org.gradle.internal.execution.steps.ResolveInputChangesStep.execute(ResolveInputChangesStep.java:48)
	at org.gradle.internal.execution.steps.ResolveInputChangesStep.execute(ResolveInputChangesStep.java:36)
	at org.gradle.internal.execution.steps.BuildCacheStep.executeWithoutCache(BuildCacheStep.java:181)
	at org.gradle.internal.execution.steps.BuildCacheStep.lambda$execute$1(BuildCacheStep.java:71)
	at org.gradle.internal.Either$Right.fold(Either.java:175)
	at org.gradle.internal.execution.caching.CachingState.fold(CachingState.java:59)
	at org.gradle.internal.execution.steps.BuildCacheStep.execute(BuildCacheStep.java:69)
	at org.gradle.internal.execution.steps.BuildCacheStep.execute(BuildCacheStep.java:47)
	at org.gradle.internal.execution.steps.StoreExecutionStateStep.execute(StoreExecutionStateStep.java:36)
	at org.gradle.internal.execution.steps.StoreExecutionStateStep.execute(StoreExecutionStateStep.java:25)
	at org.gradle.internal.execution.steps.RecordOutputsStep.execute(RecordOutputsStep.java:36)
	at org.gradle.internal.execution.steps.RecordOutputsStep.execute(RecordOutputsStep.java:22)
	at org.gradle.internal.execution.steps.SkipUpToDateStep.executeBecause(SkipUpToDateStep.java:110)
	at org.gradle.internal.execution.steps.SkipUpToDateStep.lambda$execute$2(SkipUpToDateStep.java:56)
	at org.gradle.internal.execution.steps.SkipUpToDateStep.execute(SkipUpToDateStep.java:56)
	at org.gradle.internal.execution.steps.SkipUpToDateStep.execute(SkipUpToDateStep.java:38)
	at org.gradle.internal.execution.steps.ResolveChangesStep.execute(ResolveChangesStep.java:73)
	at org.gradle.internal.execution.steps.ResolveChangesStep.execute(ResolveChangesStep.java:44)
	at org.gradle.internal.execution.steps.legacy.MarkSnapshottingInputsFinishedStep.execute(MarkSnapshottingInputsFinishedStep.java:37)
	at org.gradle.internal.execution.steps.legacy.MarkSnapshottingInputsFinishedStep.execute(MarkSnapshottingInputsFinishedStep.java:27)
	at org.gradle.internal.execution.steps.ResolveCachingStateStep.execute(ResolveCachingStateStep.java:89)
	at org.gradle.internal.execution.steps.ResolveCachingStateStep.execute(ResolveCachingStateStep.java:50)
	at org.gradle.internal.execution.steps.ValidateStep.execute(ValidateStep.java:102)
	at org.gradle.internal.execution.steps.ValidateStep.execute(ValidateStep.java:57)
	at org.gradle.internal.execution.steps.CaptureStateBeforeExecutionStep.execute(CaptureStateBeforeExecutionStep.java:76)
	at org.gradle.internal.execution.steps.CaptureStateBeforeExecutionStep.execute(CaptureStateBeforeExecutionStep.java:50)
	at org.gradle.internal.execution.steps.SkipEmptyWorkStep.executeWithNoEmptySources(SkipEmptyWorkStep.java:254)
	at org.gradle.internal.execution.steps.SkipEmptyWorkStep.executeWithNoEmptySources(SkipEmptyWorkStep.java:209)
	at org.gradle.internal.execution.steps.SkipEmptyWorkStep.execute(SkipEmptyWorkStep.java:88)
	at org.gradle.internal.execution.steps.SkipEmptyWorkStep.execute(SkipEmptyWorkStep.java:56)
	at org.gradle.internal.execution.steps.RemoveUntrackedExecutionStateStep.execute(RemoveUntrackedExecutionStateStep.java:32)
	at org.gradle.internal.execution.steps.RemoveUntrackedExecutionStateStep.execute(RemoveUntrackedExecutionStateStep.java:21)
	at org.gradle.internal.execution.steps.legacy.MarkSnapshottingInputsStartedStep.execute(MarkSnapshottingInputsStartedStep.java:38)
	at org.gradle.internal.execution.steps.LoadPreviousExecutionStateStep.execute(LoadPreviousExecutionStateStep.java:43)
	at org.gradle.internal.execution.steps.LoadPreviousExecutionStateStep.execute(LoadPreviousExecutionStateStep.java:31)
	at org.gradle.internal.execution.steps.AssignWorkspaceStep.lambda$execute$0(AssignWorkspaceStep.java:40)
	at org.gradle.api.internal.tasks.execution.TaskExecution$4.withWorkspace(TaskExecution.java:281)
	at org.gradle.internal.execution.steps.AssignWorkspaceStep.execute(AssignWorkspaceStep.java:40)
	at org.gradle.internal.execution.steps.AssignWorkspaceStep.execute(AssignWorkspaceStep.java:30)
	at org.gradle.internal.execution.steps.IdentityCacheStep.execute(IdentityCacheStep.java:37)
	at org.gradle.internal.execution.steps.IdentityCacheStep.execute(IdentityCacheStep.java:27)
	at org.gradle.internal.execution.steps.IdentifyStep.execute(IdentifyStep.java:44)
	at org.gradle.internal.execution.steps.IdentifyStep.execute(IdentifyStep.java:33)
	at org.gradle.internal.execution.impl.DefaultExecutionEngine$1.execute(DefaultExecutionEngine.java:76)
	at org.gradle.api.internal.tasks.execution.ExecuteActionsTaskExecuter.executeIfValid(ExecuteActionsTaskExecuter.java:139)
	at org.gradle.api.internal.tasks.execution.ExecuteActionsTaskExecuter.execute(ExecuteActionsTaskExecuter.java:128)
	at org.gradle.api.internal.tasks.execution.CleanupStaleOutputsExecuter.execute(CleanupStaleOutputsExecuter.java:77)
	at org.gradle.api.internal.tasks.execution.FinalizePropertiesTaskExecuter.execute(FinalizePropertiesTaskExecuter.java:46)
	at org.gradle.api.internal.tasks.execution.ResolveTaskExecutionModeExecuter.execute(ResolveTaskExecutionModeExecuter.java:51)
	at org.gradle.api.internal.tasks.execution.SkipTaskWithNoActionsExecuter.execute(SkipTaskWithNoActionsExecuter.java:57)
	at org.gradle.api.internal.tasks.execution.SkipOnlyIfTaskExecuter.execute(SkipOnlyIfTaskExecuter.java:57)
	at org.gradle.api.internal.tasks.execution.CatchExceptionTaskExecuter.execute(CatchExceptionTaskExecuter.java:36)
	at org.gradle.api.internal.tasks.execution.EventFiringTaskExecuter$1.executeTask(EventFiringTaskExecuter.java:77)
	at org.gradle.api.internal.tasks.execution.EventFiringTaskExecuter$1.call(EventFiringTaskExecuter.java:55)
	at org.gradle.api.internal.tasks.execution.EventFiringTaskExecuter$1.call(EventFiringTaskExecuter.java:52)
	at org.gradle.internal.operations.DefaultBuildOperationRunner$CallableBuildOperationWorker.execute(DefaultBuildOperationRunner.java:204)
	at org.gradle.internal.operations.DefaultBuildOperationRunner$CallableBuildOperationWorker.execute(DefaultBuildOperationRunner.java:199)
	at org.gradle.internal.operations.DefaultBuildOperationRunner$2.execute(DefaultBuildOperationRunner.java:66)
	at org.gradle.internal.operations.DefaultBuildOperationRunner$2.execute(DefaultBuildOperationRunner.java:59)
	at org.gradle.internal.operations.DefaultBuildOperationRunner.execute(DefaultBuildOperationRunner.java:157)
	at org.gradle.internal.operations.DefaultBuildOperationRunner.execute(DefaultBuildOperationRunner.java:59)
	at org.gradle.internal.operations.DefaultBuildOperationRunner.call(DefaultBuildOperationRunner.java:53)
	at org.gradle.internal.operations.DefaultBuildOperationExecutor.call(DefaultBuildOperationExecutor.java:73)
	at org.gradle.api.internal.tasks.execution.EventFiringTaskExecuter.execute(EventFiringTaskExecuter.java:52)
	at org.gradle.execution.plan.LocalTaskNodeExecutor.execute(LocalTaskNodeExecutor.java:69)
	at org.gradle.execution.taskgraph.DefaultTaskExecutionGraph$InvokeNodeExecutorsAction.execute(DefaultTaskExecutionGraph.java:322)
	at org.gradle.execution.taskgraph.DefaultTaskExecutionGraph$InvokeNodeExecutorsAction.execute(DefaultTaskExecutionGraph.java:309)
	at org.gradle.execution.taskgraph.DefaultTaskExecutionGraph$BuildOperationAwareExecutionAction.execute(DefaultTaskExecutionGraph.java:302)
	at org.gradle.execution.taskgraph.DefaultTaskExecutionGraph$BuildOperationAwareExecutionAction.execute(DefaultTaskExecutionGraph.java:288)
	at org.gradle.execution.plan.DefaultPlanExecutor$ExecutorWorker.execute(DefaultPlanExecutor.java:462)
	at org.gradle.execution.plan.DefaultPlanExecutor$ExecutorWorker.run(DefaultPlanExecutor.java:379)
	at org.gradle.internal.concurrent.ExecutorPolicy$CatchAndRecordFailures.onExecute(ExecutorPolicy.java:64)
	at org.gradle.internal.concurrent.ManagedExecutorImpl$1.run(ManagedExecutorImpl.java:49)


* Get more help at https://help.gradle.org

BUILD FAILED in 369ms
3 actionable tasks: 1 executed, 2 up-to-date
